Somesh@Som MINGW64 ~/someshDevops
$ pwd
/c/Users/Somesh/someshDevops

Somesh@Som MINGW64 ~/someshDevops
$ ls
Vagrantfile

Somesh@Som MINGW64 ~/someshDevops
$ vagrant box list
There are no installed boxes! Use `vagrant box add` to add some.
$ vagrant up
Bringing machine 'default' up with 'virtualbox' provider...
==> default: Box 'base' could not be found. Attempting to find and install...
    default: Box Provider: virtualbox
    default: Box Version: >= 0
==> default: Box file was not detected as metadata. Adding it directly...
==> default: Adding box 'base' (v0) for provider: virtualbox
    default: Downloading: base
    default:
An error occurred while downloading the remote file. The error
message, if any, is reproduced below. Please fix this error and try
again.

Couldn't open file /C:/Users/Somesh/someshDevops/base

Somesh@Som MINGW64 ~/someshDevops
Somesh@Som MINGW64 ~/someshDevops
$ ls
Vagrantfile

Somesh@Som MINGW64 ~/someshDevops
$ cd .vagrant/

Somesh@Som MINGW64 ~/someshDevops/.vagrant
$ ls
machines/

Somesh@Som MINGW64 ~/someshDevops/.vagrant
$ cd machines/

Somesh@Som MINGW64 ~/someshDevops/.vagrant/machines
$ ls
default/

Somesh@Som MINGW64 ~/someshDevops/.vagrant/machines
$ cd default/

Somesh@Som MINGW64 ~/someshDevops/.vagrant/machines/default
$ ls
virtualbox/

Somesh@Som MINGW64 ~/someshDevops/.vagrant/machines/default
$ cd virtualbox/

Somesh@Som MINGW64 ~/someshDevops/.vagrant/machines/default/virtualbox
$ ls
vagrant_cwd

Somesh@Som MINGW64 ~/someshDevops/.vagrant/machines/default/virtualbox
$ cat vagrant_cwd
C:/Users/Somesh/someshDevops
Somesh@Som MINGW64 ~/someshDevops/.vagrant/machines/default/virtualbox
$
Somesh@Som MINGW64 ~/someshDevops
$ vi Vagrantfile

Somesh@Som MINGW64 ~/someshDevops
$ vagrant up
Bringing machine 'default' up with 'virtualbox' provider...
==> default: Box 'ubuntu/trusty64' could not be found. Attempting to find and install...
:
:
    default: your host and reload your VM.
    default:
    default: Guest Additions Version: 4.3.36
    default: VirtualBox Version: 5.2
==> default: Mounting shared folders...
    default: /vagrant => C:/Users/Somesh/someshDevops

Somesh@Som MINGW64 ~/someshDevops
$ vagrant status
Current machine states:

default                   running (virtualbox)

The VM is running. To stop this VM, you can run `vagrant halt` to
shut it down forcefully, or you can run `vagrant suspend` to simply
suspend the virtual machine. In either case, to restart it again,
simply run `vagrant up`.

Somesh@Som MINGW64 ~/someshDevops
$ vagrant ssh
Welcome to Ubuntu 14.04.5 LTS (GNU/Linux 3.13.0-153-generic x86_64)

 * Documentation:  https://help.ubuntu.com/

 System information disabled due to load higher than 1.0

  Get cloud support with Ubuntu Advantage Cloud Guest:
    http://www.ubuntu.com/business/services/cloud

0 packages can be updated.
0 updates are security updates.

New release '16.04.4 LTS' available.
Run 'do-release-upgrade' to upgrade to it.


vagrant@vagrant-ubuntu-trusty-64:~$ sudo su
root@vagrant-ubuntu-trusty-64:/home/vagrant# ls
root@vagrant-ubuntu-trusty-64:/home/vagrant# ll
total 28
drwxr-xr-x 4 vagrant vagrant 4096 Jul  7 06:07 ./
drwxr-xr-x 4 root    root    4096 Jul  7 06:07 ../
-rw-r--r-- 1 vagrant vagrant  220 Apr  9  2014 .bash_logout
-rw-r--r-- 1 vagrant vagrant 3637 Apr  9  2014 .bashrc
drwx------ 2 vagrant vagrant 4096 Jul  7 06:07 .cache/
-rw-r--r-- 1 vagrant vagrant  675 Apr  9  2014 .profile
drwx------ 2 vagrant vagrant 4096 Jul  7 06:07 .ssh/
root@vagrant-ubuntu-trusty-64:/home/vagrant#
root@vagrant-ubuntu-trusty-64:/home/vagrant# apt-get update
Get:1 http://security.ubuntu.com trusty-security InRelease [65.9 kB]
:
:
Fetched 12.6 MB in 26s (469 kB/s)
Reading package lists... Done
root@vagrant-ubuntu-trusty-64:/home/vagrant#
root@vagrant-ubuntu-trusty-64:/home/vagrant# exit
exit
vagrant@vagrant-ubuntu-trusty-64:~$ exit
logout
Connection to 127.0.0.1 closed.

Somesh@Som MINGW64 ~/someshDevops
$Somesh@Som MINGW64 ~/DevOpsTest
$ vagrant init ubuntu/trusty64
A `Vagrantfile` has been placed in this directory. You are now
ready to `vagrant up` your first virtual environment! Please read
the comments in the Vagrantfile as well as documentation on
`vagrantup.com` for more information on using Vagrant.

Somesh@Som MINGW64 ~/DevOpsTest
$ ls
Vagrantfile
Somesh@Som MINGW64 ~/DevOpsTest
$ pwd
/c/Users/Somesh/DevOpsTest

Somesh@Som MINGW64 ~/DevOpsTest
$
Somesh@Som MINGW64 ~/DevOpsTest
$ vi Vagrantfile

Somesh@Som MINGW64 ~/DevOpsTest
$ rm -rf Vagrantfile

Somesh@Som MINGW64 ~/DevOpsTest
$ ls

Somesh@Som MINGW64 ~/DevOpsTest
$ vagrant up
Bringing machine 'default' up with 'virtualbox' provider...
==> default: Importing base box 'ubuntu/trusty64'...
==> default: Matching MAC address for NAT networking...
:
:
    default: Guest Additions Version: 4.3.36
    default: VirtualBox Version: 5.2
==> default: Mounting shared folders...
    default: /vagrant => C:/Users/Somesh/DevOpsTest

Somesh@Som MINGW64 ~/DevOpsTest
$
========
connected using Putty also
========
Somesh@Som MINGW64 ~/DevOpsTest
$ vagrant global-status
id       name    provider   state   directory
------------------------------------------------------------------------
fbb8713  default virtualbox running C:/Users/Somesh/someshDevops
fe4b754  default virtualbox running C:/Users/Somesh/DevOpsTest

The above shows information about all known Vagrant environments
on this machine. This data is cached and may not be completely
up-to-date (use "vagrant global-status --prune" to prune invalid
entries). To interact with any of the machines, you can go to that
directory and run Vagrant, or you can use the ID directly with
Vagrant commands from any directory. For example:
"vagrant destroy 1a2b3c4d"

Somesh@Som MINGW64 ~/DevOpsTest
$
Somesh@Som MINGW64 ~/DevOpsTest
$ vagrant halt
==> default: Attempting graceful shutdown of VM...

Somesh@Som MINGW64 ~/DevOpsTest
$Somesh@Som MINGW64 ~/DevOpsTest
$ vagrant global-status
id       name    provider   state    directory
-------------------------------------------------------------------------
fbb8713  default virtualbox running  C:/Users/Somesh/someshDevops
fe4b754  default virtualbox poweroff C:/Users/Somesh/DevOpsTest

The above shows information about all known Vagrant environments
on this machine. This data is cached and may not be completely
up-to-date (use "vagrant global-status --prune" to prune invalid
entries). To interact with any of the machines, you can go to that
directory and run Vagrant, or you can use the ID directly with
Vagrant commands from any directory. For example:
"vagrant destroy 1a2b3c4d"

Somesh@Som MINGW64 ~/DevOpsTest
$
Somesh@Som MINGW64 ~/DevOpsTest
$ vagrant reload
==> default: Checking if box 'ubuntu/trusty64' is up to date...
==> default: Clearing any previously set forwarded ports...
:
:
==> default: flag to force provisioning. Provisioners marked to run always will still run.

Somesh@Som MINGW64 ~/DevOpsTest
$
Somesh@Som MINGW64 ~/DevOpsTest
$ vagrant global-status
id       name    provider   state   directory
------------------------------------------------------------------------
fbb8713  default virtualbox running C:/Users/Somesh/someshDevops
fe4b754  default virtualbox running C:/Users/Somesh/DevOpsTest

The above shows information about all known Vagrant environments
on this machine. This data is cached and may not be completely
up-to-date (use "vagrant global-status --prune" to prune invalid
entries). To interact with any of the machines, you can go to that
directory and run Vagrant, or you can use the ID directly with
Vagrant commands from any directory. For example:
"vagrant destroy 1a2b3c4d"

Somesh@Som MINGW64 ~/DevOpsTest
$
Somesh@Som MINGW64 ~/DevOpsTest
$ vagrant reload
==> default: Attempting graceful shutdown of VM...
==> default: Checking if box 'ubuntu/trusty64' is up to date...
==> default: Clearing any previously set forwarded ports...
==> default: Fixed port collision for 22 => 2222. Now on port 2200.
==> default: Clearing any previously set network interfaces...
==> default: Preparing network interfaces based on configuration...
    default: Adapter 1: nat
==> default: Forwarding ports...
    default: 80 (guest) => 8585 (host) (adapter 1)
    default: 22 (guest) => 2200 (host) (adapter 1)
==> default: Booting VM...
==> default: Booting VM...
==> default: Waiting for machine to boot. This may take a few minutes...
    default: SSH address: 127.0.0.1:2200
    default: SSH username: vagrant
    default: SSH auth method: private key
==> default: Machine booted and ready!
==> default: Checking for guest additions in VM...
    default: The guest additions on this VM do not match the installed version of
    default: VirtualBox! In most cases this is fine, but in rare cases it can
    default: prevent things such as shared folders from working properly. If you see
    default: shared folder errors, please make sure the guest additions within the
    default: virtual machine match the version of VirtualBox you have installed on
    default: your host and reload your VM.
    default:
    default: Guest Additions Version: 4.3.36
    default: VirtualBox Version: 5.2
==> default: Mounting shared folders...
    default: /vagrant => C:/Users/Somesh/DevOpsTest
==> default: Machine already provisioned. Run `vagrant provision` or use the `--provision`
==> default: flag to force provisioning. Provisioners marked to run always will still run.

Somesh@Som MINGW64 ~/DevOpsTest
$ vagrant ssh
Welcome to Ubuntu 14.04.5 LTS (GNU/Linux 3.13.0-153-generic x86_64)

 * Documentation:  https://help.ubuntu.com/

  System information as of Sat Jul  7 06:38:00 UTC 2018

  System load:  0.97              Processes:           82
  Usage of /:   3.6% of 39.34GB   Users logged in:     0
  Memory usage: 21%               IP address for eth0: 10.0.2.15
  Swap usage:   0%

  Graph this data and manage this system at:
    https://landscape.canonical.com/

  Get cloud support with Ubuntu Advantage Cloud Guest:
    http://www.ubuntu.com/business/services/cloud

0 packages can be updated.
0 updates are security updates.

New release '16.04.4 LTS' available.
Run 'do-release-upgrade' to upgrade to it.


Last login: Sat Jul  7 06:25:47 2018 from 10.0.2.2
vagrant@vagrant-ubuntu-trusty-64:~$ sudo su
root@vagrant-ubuntu-trusty-64:/home/vagrant# apt-get install apache2
Reading package lists... Done
:
:

Setting up ssl-cert (1.0.33) ...
Processing triggers for libc-bin (2.19-0ubuntu6.14) ...
Processing triggers for ufw (0.34~rc-0ubuntu2) ...
Processing triggers for ureadahead (0.100.0-16) ...
root@vagrant-ubuntu-trusty-64:/home/vagrant# cd
$
root@vagrant-ubuntu-trusty-64:/home/vagrant# cd
root@vagrant-ubuntu-trusty-64:~# ls
root@vagrant-ubuntu-trusty-64:~# cd var/
bash: cd: var/: No such file or directory
root@vagrant-ubuntu-trusty-64:~# cd /va
vagrant/ var/
root@vagrant-ubuntu-trusty-64:~# cd /var
root@vagrant-ubuntu-trusty-64:/var# ls
backups  cache  chef  crash  lib  local  lock  log  mail  opt  run  spool  tmp  www
root@vagrant-ubuntu-trusty-64:/var# cd www/html
root@vagrant-ubuntu-trusty-64:/var/www/html# ls
index.html
root@vagrant-ubuntu-trusty-64:/var/www/html# service apache2 start
 * Starting web server apache2                                                         *
root@vagrant-ubuntu-trusty-64:/var/www/html#
root@vagrant-ubuntu-trusty-64:/var/www/html# exit
exit
vagrant@vagrant-ubuntu-trusty-64:~$ exit
logout
Connection to 127.0.0.1 closed.

Somesh@Som MINGW64 ~/DevOpsTest
$ vagrant port
The forwarded ports for the machine are listed below. Please note that
these values may differ from values configured in the Vagrantfile if the
provider supports automatic port collision detection and resolution.

    22 (guest) => 2200 (host)
    80 (guest) => 8585 (host)

Somesh@Som MINGW64 ~/DevOpsTest
$
Somesh@Som MINGW64 ~/DevOpsTest
$ vagrant reload --provision
==> default: Attempting graceful shutdown of VM...
:
:
    default: Command line option 'y' [from -y] is not known.
    default: Reading package lists...
    default: Building dependency tree...
    default: Reading state information...
    default: curl is already the newest version.
    default: 0 upgraded, 0 newly installed, 0 to remove and 0 not upgraded.

Somesh@Som MINGW64 ~/DevOpsTest
Somesh@Som MINGW64 ~/DevOpsTest
$ vagrant ssh
Welcome to Ubuntu 14.04.5 LTS (GNU/Linux 3.13.0-153-generic x86_64)

 * Documentation:  https://help.ubuntu.com/

  System information as of Sat Jul  7 06:53:28 UTC 2018

  System load:  0.68              Processes:           99
  Usage of /:   3.6% of 39.34GB   Users logged in:     0
  Memory usage: 19%               IP address for eth0: 10.0.2.15
  Swap usage:   0%

  Graph this data and manage this system at:
    https://landscape.canonical.com/

  Get cloud support with Ubuntu Advantage Cloud Guest:
    http://www.ubuntu.com/business/services/cloud

New release '16.04.4 LTS' available.
Run 'do-release-upgrade' to upgrade to it.


Last login: Sat Jul  7 06:38:35 2018 from 10.0.2.2
vagrant@vagrant-ubuntu-trusty-64:~$
$vagrant@vagrant-ubuntu-trusty-64:~$ sudo su
root@vagrant-ubuntu-trusty-64:/home/vagrant# apt-get install -y curl
Reading package lists... Done
Building dependency tree
Reading state information... Done
curl is already the newest version.
0 upgraded, 0 newly installed, 0 to remove and 0 not upgraded.
root@vagrant-ubuntu-trusty-64:/home/vagrant#
root@vagrant-ubuntu-trusty-64:/home/vagrant# exit
exit
vagrant@vagrant-ubuntu-trusty-64:~$ exit
logout
Connection to 127.0.0.1 closed.

Somesh@Som MINGW64 ~/DevOpsTest
$
Somesh@Som MINGW64 ~/DevOpsTest
$ vagrant destroy
    default: Are you sure you want to destroy the 'default' VM? [y/N] y
==> default: Forcing shutdown of VM...
==> default: Destroying VM and associated drives...

Somesh@Som MINGW64 ~/DevOpsTest
$
Somesh@Som MINGW64 ~/someshDevops
$ vagrant suspend
==> default: Saving VM state and suspending execution...

Somesh@Som MINGW64 ~/someshDevops
$










