Somesh@Som MINGW64 ~/someshDevops
$ pwd
/c/Users/Somesh/someshDevops

Somesh@Som MINGW64 ~/someshDevops
$ ls
Vagrantfile

Somesh@Som MINGW64 ~/someshDevops
$ vagrant box list
There are no installed boxes! Use `vagrant box add` to add some.
$ vagrant up
Bringing machine 'default' up with 'virtualbox' provider...
==> default: Box 'base' could not be found. Attempting to find and install...
    default: Box Provider: virtualbox
    default: Box Version: >= 0
==> default: Box file was not detected as metadata. Adding it directly...
==> default: Adding box 'base' (v0) for provider: virtualbox
    default: Downloading: base
    default:
An error occurred while downloading the remote file. The error
message, if any, is reproduced below. Please fix this error and try
again.

Couldn't open file /C:/Users/Somesh/someshDevops/base

Somesh@Som MINGW64 ~/someshDevops
Somesh@Som MINGW64 ~/someshDevops
$ ls
Vagrantfile

Somesh@Som MINGW64 ~/someshDevops
$ cd .vagrant/

Somesh@Som MINGW64 ~/someshDevops/.vagrant
$ ls
machines/

Somesh@Som MINGW64 ~/someshDevops/.vagrant
$ cd machines/

Somesh@Som MINGW64 ~/someshDevops/.vagrant/machines
$ ls
default/

Somesh@Som MINGW64 ~/someshDevops/.vagrant/machines
$ cd default/

Somesh@Som MINGW64 ~/someshDevops/.vagrant/machines/default
$ ls
virtualbox/

Somesh@Som MINGW64 ~/someshDevops/.vagrant/machines/default
$ cd virtualbox/

Somesh@Som MINGW64 ~/someshDevops/.vagrant/machines/default/virtualbox
$ ls
vagrant_cwd

Somesh@Som MINGW64 ~/someshDevops/.vagrant/machines/default/virtualbox
$ cat vagrant_cwd
C:/Users/Somesh/someshDevops
Somesh@Som MINGW64 ~/someshDevops/.vagrant/machines/default/virtualbox
$
Somesh@Som MINGW64 ~/someshDevops
$ vi Vagrantfile

Somesh@Som MINGW64 ~/someshDevops
$ vagrant up
Bringing machine 'default' up with 'virtualbox' provider...
==> default: Box 'ubuntu/trusty64' could not be found. Attempting to find and install...
:
:
    default: your host and reload your VM.
    default:
    default: Guest Additions Version: 4.3.36
    default: VirtualBox Version: 5.2
==> default: Mounting shared folders...
    default: /vagrant => C:/Users/Somesh/someshDevops

Somesh@Som MINGW64 ~/someshDevops
$ vagrant status
Current machine states:

default                   running (virtualbox)

The VM is running. To stop this VM, you can run `vagrant halt` to
shut it down forcefully, or you can run `vagrant suspend` to simply
suspend the virtual machine. In either case, to restart it again,
simply run `vagrant up`.

Somesh@Som MINGW64 ~/someshDevops
$ vagrant ssh
Welcome to Ubuntu 14.04.5 LTS (GNU/Linux 3.13.0-153-generic x86_64)

 * Documentation:  https://help.ubuntu.com/

 System information disabled due to load higher than 1.0

  Get cloud support with Ubuntu Advantage Cloud Guest:
    http://www.ubuntu.com/business/services/cloud

0 packages can be updated.
0 updates are security updates.

New release '16.04.4 LTS' available.
Run 'do-release-upgrade' to upgrade to it.


vagrant@vagrant-ubuntu-trusty-64:~$ sudo su
root@vagrant-ubuntu-trusty-64:/home/vagrant# ls
root@vagrant-ubuntu-trusty-64:/home/vagrant# ll
total 28
drwxr-xr-x 4 vagrant vagrant 4096 Jul  7 06:07 ./
drwxr-xr-x 4 root    root    4096 Jul  7 06:07 ../
-rw-r--r-- 1 vagrant vagrant  220 Apr  9  2014 .bash_logout
-rw-r--r-- 1 vagrant vagrant 3637 Apr  9  2014 .bashrc
drwx------ 2 vagrant vagrant 4096 Jul  7 06:07 .cache/
-rw-r--r-- 1 vagrant vagrant  675 Apr  9  2014 .profile
drwx------ 2 vagrant vagrant 4096 Jul  7 06:07 .ssh/
root@vagrant-ubuntu-trusty-64:/home/vagrant#
root@vagrant-ubuntu-trusty-64:/home/vagrant# apt-get update
Get:1 http://security.ubuntu.com trusty-security InRelease [65.9 kB]
:
:
Fetched 12.6 MB in 26s (469 kB/s)
Reading package lists... Done
root@vagrant-ubuntu-trusty-64:/home/vagrant#
root@vagrant-ubuntu-trusty-64:/home/vagrant# exit
exit
vagrant@vagrant-ubuntu-trusty-64:~$ exit
logout
Connection to 127.0.0.1 closed.

Somesh@Som MINGW64 ~/someshDevops
$Somesh@Som MINGW64 ~/DevOpsTest
$ vagrant init ubuntu/trusty64
A `Vagrantfile` has been placed in this directory. You are now
ready to `vagrant up` your first virtual environment! Please read
the comments in the Vagrantfile as well as documentation on
`vagrantup.com` for more information on using Vagrant.

Somesh@Som MINGW64 ~/DevOpsTest
$ ls
Vagrantfile
Somesh@Som MINGW64 ~/DevOpsTest
$ pwd
/c/Users/Somesh/DevOpsTest

Somesh@Som MINGW64 ~/DevOpsTest
$
Somesh@Som MINGW64 ~/DevOpsTest
$ vi Vagrantfile

Somesh@Som MINGW64 ~/DevOpsTest
$ rm -rf Vagrantfile

Somesh@Som MINGW64 ~/DevOpsTest
$ ls

Somesh@Som MINGW64 ~/DevOpsTest
$ vagrant up
Bringing machine 'default' up with 'virtualbox' provider...
==> default: Importing base box 'ubuntu/trusty64'...
==> default: Matching MAC address for NAT networking...
:
:
    default: Guest Additions Version: 4.3.36
    default: VirtualBox Version: 5.2
==> default: Mounting shared folders...
    default: /vagrant => C:/Users/Somesh/DevOpsTest

Somesh@Som MINGW64 ~/DevOpsTest
$
========
connected using Putty also
========
Somesh@Som MINGW64 ~/DevOpsTest
$ vagrant global-status
id       name    provider   state   directory
------------------------------------------------------------------------
fbb8713  default virtualbox running C:/Users/Somesh/someshDevops
fe4b754  default virtualbox running C:/Users/Somesh/DevOpsTest

The above shows information about all known Vagrant environments
on this machine. This data is cached and may not be completely
up-to-date (use "vagrant global-status --prune" to prune invalid
entries). To interact with any of the machines, you can go to that
directory and run Vagrant, or you can use the ID directly with
Vagrant commands from any directory. For example:
"vagrant destroy 1a2b3c4d"

Somesh@Som MINGW64 ~/DevOpsTest
$
Somesh@Som MINGW64 ~/DevOpsTest
$ vagrant halt
==> default: Attempting graceful shutdown of VM...

Somesh@Som MINGW64 ~/DevOpsTest
$Somesh@Som MINGW64 ~/DevOpsTest
$ vagrant global-status
id       name    provider   state    directory
-------------------------------------------------------------------------
fbb8713  default virtualbox running  C:/Users/Somesh/someshDevops
fe4b754  default virtualbox poweroff C:/Users/Somesh/DevOpsTest

The above shows information about all known Vagrant environments
on this machine. This data is cached and may not be completely
up-to-date (use "vagrant global-status --prune" to prune invalid
entries). To interact with any of the machines, you can go to that
directory and run Vagrant, or you can use the ID directly with
Vagrant commands from any directory. For example:
"vagrant destroy 1a2b3c4d"

Somesh@Som MINGW64 ~/DevOpsTest
$
Somesh@Som MINGW64 ~/DevOpsTest
$ vagrant reload
==> default: Checking if box 'ubuntu/trusty64' is up to date...
==> default: Clearing any previously set forwarded ports...
:
:
==> default: flag to force provisioning. Provisioners marked to run always will still run.

Somesh@Som MINGW64 ~/DevOpsTest
$
Somesh@Som MINGW64 ~/DevOpsTest
$ vagrant global-status
id       name    provider   state   directory
------------------------------------------------------------------------
fbb8713  default virtualbox running C:/Users/Somesh/someshDevops
fe4b754  default virtualbox running C:/Users/Somesh/DevOpsTest

The above shows information about all known Vagrant environments
on this machine. This data is cached and may not be completely
up-to-date (use "vagrant global-status --prune" to prune invalid
entries). To interact with any of the machines, you can go to that
directory and run Vagrant, or you can use the ID directly with
Vagrant commands from any directory. For example:
"vagrant destroy 1a2b3c4d"

Somesh@Som MINGW64 ~/DevOpsTest
$
Somesh@Som MINGW64 ~/DevOpsTest
$ vagrant reload
==> default: Attempting graceful shutdown of VM...
==> default: Checking if box 'ubuntu/trusty64' is up to date...
==> default: Clearing any previously set forwarded ports...
==> default: Fixed port collision for 22 => 2222. Now on port 2200.
==> default: Clearing any previously set network interfaces...
==> default: Preparing network interfaces based on configuration...
    default: Adapter 1: nat
==> default: Forwarding ports...
    default: 80 (guest) => 8585 (host) (adapter 1)
    default: 22 (guest) => 2200 (host) (adapter 1)
==> default: Booting VM...
==> default: Booting VM...
==> default: Waiting for machine to boot. This may take a few minutes...
    default: SSH address: 127.0.0.1:2200
    default: SSH username: vagrant
    default: SSH auth method: private key
==> default: Machine booted and ready!
==> default: Checking for guest additions in VM...
    default: The guest additions on this VM do not match the installed version of
    default: VirtualBox! In most cases this is fine, but in rare cases it can
    default: prevent things such as shared folders from working properly. If you see
    default: shared folder errors, please make sure the guest additions within the
    default: virtual machine match the version of VirtualBox you have installed on
    default: your host and reload your VM.
    default:
    default: Guest Additions Version: 4.3.36
    default: VirtualBox Version: 5.2
==> default: Mounting shared folders...
    default: /vagrant => C:/Users/Somesh/DevOpsTest
==> default: Machine already provisioned. Run `vagrant provision` or use the `--provision`
==> default: flag to force provisioning. Provisioners marked to run always will still run.

Somesh@Som MINGW64 ~/DevOpsTest
$ vagrant ssh
Welcome to Ubuntu 14.04.5 LTS (GNU/Linux 3.13.0-153-generic x86_64)

 * Documentation:  https://help.ubuntu.com/

  System information as of Sat Jul  7 06:38:00 UTC 2018

  System load:  0.97              Processes:           82
  Usage of /:   3.6% of 39.34GB   Users logged in:     0
  Memory usage: 21%               IP address for eth0: 10.0.2.15
  Swap usage:   0%

  Graph this data and manage this system at:
    https://landscape.canonical.com/

  Get cloud support with Ubuntu Advantage Cloud Guest:
    http://www.ubuntu.com/business/services/cloud

0 packages can be updated.
0 updates are security updates.

New release '16.04.4 LTS' available.
Run 'do-release-upgrade' to upgrade to it.


Last login: Sat Jul  7 06:25:47 2018 from 10.0.2.2
vagrant@vagrant-ubuntu-trusty-64:~$ sudo su
root@vagrant-ubuntu-trusty-64:/home/vagrant# apt-get install apache2
Reading package lists... Done
:
:

Setting up ssl-cert (1.0.33) ...
Processing triggers for libc-bin (2.19-0ubuntu6.14) ...
Processing triggers for ufw (0.34~rc-0ubuntu2) ...
Processing triggers for ureadahead (0.100.0-16) ...
root@vagrant-ubuntu-trusty-64:/home/vagrant# cd
$
root@vagrant-ubuntu-trusty-64:/home/vagrant# cd
root@vagrant-ubuntu-trusty-64:~# ls
root@vagrant-ubuntu-trusty-64:~# cd var/
bash: cd: var/: No such file or directory
root@vagrant-ubuntu-trusty-64:~# cd /va
vagrant/ var/
root@vagrant-ubuntu-trusty-64:~# cd /var
root@vagrant-ubuntu-trusty-64:/var# ls
backups  cache  chef  crash  lib  local  lock  log  mail  opt  run  spool  tmp  www
root@vagrant-ubuntu-trusty-64:/var# cd www/html
root@vagrant-ubuntu-trusty-64:/var/www/html# ls
index.html
root@vagrant-ubuntu-trusty-64:/var/www/html# service apache2 start
 * Starting web server apache2                                                         *
root@vagrant-ubuntu-trusty-64:/var/www/html#
root@vagrant-ubuntu-trusty-64:/var/www/html# exit
exit
vagrant@vagrant-ubuntu-trusty-64:~$ exit
logout
Connection to 127.0.0.1 closed.

Somesh@Som MINGW64 ~/DevOpsTest
$ vagrant port
The forwarded ports for the machine are listed below. Please note that
these values may differ from values configured in the Vagrantfile if the
provider supports automatic port collision detection and resolution.

    22 (guest) => 2200 (host)
    80 (guest) => 8585 (host)

Somesh@Som MINGW64 ~/DevOpsTest
$
Somesh@Som MINGW64 ~/DevOpsTest
$ vagrant reload --provision
==> default: Attempting graceful shutdown of VM...
:
:
    default: Command line option 'y' [from -y] is not known.
    default: Reading package lists...
    default: Building dependency tree...
    default: Reading state information...
    default: curl is already the newest version.
    default: 0 upgraded, 0 newly installed, 0 to remove and 0 not upgraded.

Somesh@Som MINGW64 ~/DevOpsTest
Somesh@Som MINGW64 ~/DevOpsTest
$ vagrant ssh
Welcome to Ubuntu 14.04.5 LTS (GNU/Linux 3.13.0-153-generic x86_64)

 * Documentation:  https://help.ubuntu.com/

  System information as of Sat Jul  7 06:53:28 UTC 2018

  System load:  0.68              Processes:           99
  Usage of /:   3.6% of 39.34GB   Users logged in:     0
  Memory usage: 19%               IP address for eth0: 10.0.2.15
  Swap usage:   0%

  Graph this data and manage this system at:
    https://landscape.canonical.com/

  Get cloud support with Ubuntu Advantage Cloud Guest:
    http://www.ubuntu.com/business/services/cloud

New release '16.04.4 LTS' available.
Run 'do-release-upgrade' to upgrade to it.


Last login: Sat Jul  7 06:38:35 2018 from 10.0.2.2
vagrant@vagrant-ubuntu-trusty-64:~$
$vagrant@vagrant-ubuntu-trusty-64:~$ sudo su
root@vagrant-ubuntu-trusty-64:/home/vagrant# apt-get install -y curl
Reading package lists... Done
Building dependency tree
Reading state information... Done
curl is already the newest version.
0 upgraded, 0 newly installed, 0 to remove and 0 not upgraded.
root@vagrant-ubuntu-trusty-64:/home/vagrant#
root@vagrant-ubuntu-trusty-64:/home/vagrant# exit
exit
vagrant@vagrant-ubuntu-trusty-64:~$ exit
logout
Connection to 127.0.0.1 closed.

Somesh@Som MINGW64 ~/DevOpsTest
$
Somesh@Som MINGW64 ~/DevOpsTest
$ vagrant destroy
    default: Are you sure you want to destroy the 'default' VM? [y/N] y
==> default: Forcing shutdown of VM...
==> default: Destroying VM and associated drives...

Somesh@Som MINGW64 ~/DevOpsTest
$
Somesh@Som MINGW64 ~/someshDevops
$ vagrant suspend
==> default: Saving VM state and suspending execution...

Somesh@Som MINGW64 ~/someshDevops
$
Somesh@Som MINGW64 ~
$ cd devops2/

Somesh@Som MINGW64 ~/devops2
$ ls

Somesh@Som MINGW64 ~/devops2
$ 
Somesh@Som MINGW64 ~/devops2
$ vagrant init ubuntu/trusty64
A `Vagrantfile` has been placed in this directory. You are now
ready to `vagrant up` your first virtual environment! Please read
the comments in the Vagrantfile as well as documentation on
`vagrantup.com` for more information on using Vagrant.

Somesh@Som MINGW64 ~/devops2
$ ls
Vagrantfile

Somesh@Som MINGW64 ~/devops2
$
Somesh@Som MINGW64 ~/devops2
$ vagrant up
Bringing machine 'default' up with 'virtualbox' provider...
==> default: Importing base box 'ubuntu/trusty64'...
:
:
    default:
    default: Guest Additions Version: 4.3.36
    default: VirtualBox Version: 5.2
==> default: Mounting shared folders...
    default: /vagrant => C:/Users/Somesh/devops2

Somesh@Som MINGW64 ~/devops2
Somesh@Som MINGW64 ~/devops2
$ mkdir Roja

Somesh@Som MINGW64 ~/devops2
$ ls
Roja/  Vagrantfile

Somesh@Som MINGW64 ~/devops2
$ vagrant ssh
Welcome to Ubuntu 14.04.5 LTS (GNU/Linux 3.13.0-153-generic x86_64)

 * Documentation:  https://help.ubuntu.com/

 System information disabled due to load higher than 1.0

  Get cloud support with Ubuntu Advantage Cloud Guest:
    http://www.ubuntu.com/business/services/cloud

0 packages can be updated.
0 updates are security updates.

New release '16.04.4 LTS' available.
Run 'do-release-upgrade' to upgrade to it.


vagrant@vagrant-ubuntu-trusty-64:~$
vagrant@vagrant-ubuntu-trusty-64:~$ cd /
vagrant@vagrant-ubuntu-trusty-64:/$ ls
bin   dev  home        lib    lost+found  mnt  proc  run   srv  tmp  vagrant  vmlinuz
boot  etc  initrd.img  lib64  media       opt  root  sbin  sys  usr  var
vagrant@vagrant-ubuntu-trusty-64:/$ cd vagrant/
vagrant@vagrant-ubuntu-trusty-64:/vagrant$ ls
Roja  Vagrantfile
vagrant@vagrant-ubuntu-trusty-64:/vagrant$
vagrant@vagrant-ubuntu-trusty-64:/vagrant$ mkdir newfolder
vagrant@vagrant-ubuntu-trusty-64:/vagrant$ exit
logout
Connection to 127.0.0.1 closed.

Somesh@Som MINGW64 ~/devops2
$ ls
newfolder/  Roja/  Vagrantfile

Somesh@Som MINGW64 ~/devops2
$ touch trainingnew

Somesh@Som MINGW64 ~/devops2
$ vagrant ssh
Welcome to Ubuntu 14.04.5 LTS (GNU/Linux 3.13.0-153-generic x86_64)

 * Documentation:  https://help.ubuntu.com/

  System information as of Sun Jul  8 11:30:03 UTC 2018

  System load:  0.01              Processes:           74
  Usage of /:   3.6% of 39.34GB   Users logged in:     0
  Memory usage: 25%               IP address for eth0: 10.0.2.15
  Swap usage:   0%

  Graph this data and manage this system at:
    https://landscape.canonical.com/

  Get cloud support with Ubuntu Advantage Cloud Guest:
    http://www.ubuntu.com/business/services/cloud

0 packages can be updated.
0 updates are security updates.

New release '16.04.4 LTS' available.
Run 'do-release-upgrade' to upgrade to it.


Last login: Sun Jul  8 11:30:03 2018 from 10.0.2.2
vagrant@vagrant-ubuntu-trusty-64:~$ ls
vagrant@vagrant-ubuntu-trusty-64:~$ cd /
vagrant@vagrant-ubuntu-trusty-64:/$ ls
bin   dev  home        lib    lost+found  mnt  proc  run   srv  tmp  vagrant  vmlinuz
boot  etc  initrd.img  lib64  media       opt  root  sbin  sys  usr  var
vagrant@vagrant-ubuntu-trusty-64:/$ cd vagrant/
vagrant@vagrant-ubuntu-trusty-64:/vagrant$ ls
newfolder  Roja  trainingnew  Vagrantfile
vagrant@vagrant-ubuntu-trusty-64:/vagrant$

=========================================Git================================================
Somesh@Som MINGW64 ~/som_git (master)
$ git --version
git version 2.18.0.windows.1

Somesh@Som MINGW64 ~/som_git (master)
$ git config --list
core.symlinks=false
core.autocrlf=true
core.fscache=true
color.diff=auto
color.status=auto
color.branch=auto
color.interactive=true
help.format=html
rebase.autosquash=true
http.sslcainfo=C:/Program Files/Git/mingw64/ssl/certs/ca-bundle.crt
http.sslbackend=openssl
diff.astextplain.textconv=astextplain
filter.lfs.clean=git-lfs clean -- %f
filter.lfs.smudge=git-lfs smudge -- %f
filter.lfs.process=git-lfs filter-process
filter.lfs.required=true
credential.helper=manager
user.name=someshGit
user.email=someshsahu@gmail.com
core.editor=vim
gui.recentrepo=C:/Users/Somesh/som_git
gui.recentrepo=C:/SomeshFolder/Studies/DevOps/GitTutorial
gui.recentrepo=C:/SomeshFolder/Studies/DevOps/GitTutorial2
core.repositoryformatversion=0
core.filemode=false
core.bare=false
core.logallrefupdates=true
core.symlinks=false
core.ignorecase=true
gui.wmstate=normal
gui.geometry=1109x563+96+96 216 255
remote.origin.url=https://github.com/SomGithub2018
remote.origin.fetch=+refs/heads/*:refs/remotes/origin/*

Somesh@Som MINGW64 ~/som_git (master)
$
$ ls -la
total 31
drwxr-xr-x 1 Somesh 197609  0 Jul  8 09:58 ./
drwxr-xr-x 1 Somesh 197609  0 Jul  8 11:08 ../
drwxr-xr-x 1 Somesh 197609  0 Jul  8 17:19 .git/
-rw-r--r-- 1 Somesh 197609 35 Jul  8 08:19 best.txt
drwxr-xr-x 1 Somesh 197609  0 Jul  8 10:20 gitClone/
-rw-r--r-- 1 Somesh 197609 32 Jul  8 09:48 siva
-rw-r--r-- 1 Somesh 197609 37 Jul  8 09:48 team
-rw-r--r-- 1 Somesh 197609 66 Jul  7 10:02 test1
-rw-r--r-- 1 Somesh 197609 21 Jul  7 09:52 test2
-rw-r--r-- 1 Somesh 197609 28 Jul  8 09:48 training
-rw-r--r-- 1 Somesh 197609 38 Jul  8 09:48 tree.txt

Somesh@Som MINGW64 ~/som_git (master)
$ git status
On branch master
Changes to be committed:
  (use "git reset HEAD <file>..." to unstage)

        new file:   gitClone/vagrant


Somesh@Som MINGW64 ~/som_git (master)
$
Somesh@Som MINGW64 ~/som_git (master)
$ vi test23

Somesh@Som MINGW64 ~/som_git (master)
$
Somesh@Som MINGW64 ~/som_git (master)
$ git status
On branch master
Untracked files:
  (use "git add <file>..." to include in what will be committed)

        gitClone/
        test23

nothing added to commit but untracked files present (use "git add" to track)

Somesh@Som MINGW64 ~/som_git (master)
$
Somesh@Som MINGW64 ~/som_git (master)
$ ls
best.txt  gitClone/  siva  team  test1  test2  test23  training  tree.txt

Somesh@Som MINGW64 ~/som_git (master)
$ git add test23
warning: LF will be replaced by CRLF in test23.
The file will have its original line endings in your working directory.

Somesh@Som MINGW64 ~/som_git (master)
$
Somesh@Som MINGW64 ~/som_git (master)
$ git add -A
warning: adding embedded git repository: gitClone/vagrant
hint: You've added another git repository inside your current repository.
hint: Clones of the outer repository will not contain the contents of
hint: the embedded repository and will not know how to obtain it.
hint: If you meant to add a submodule, use:
hint:
hint:   git submodule add <url> gitClone/vagrant
hint:
hint: If you added this path by mistake, you can remove it from the
hint: index with:
hint:
hint:   git rm --cached gitClone/vagrant
hint:
hint: See "git help submodule" for more information.
warning: LF will be replaced by CRLF in test23.
The file will have its original line endings in your working directory.

Somesh@Som MINGW64 ~/som_git (master)
$ git status
On branch master
Changes to be committed:
  (use "git reset HEAD <file>..." to unstage)

        new file:   gitClone/vagrant
        new file:   test23


Somesh@Som MINGW64 ~/som_git (master)
$
$ git commit test23
warning: LF will be replaced by CRLF in test23.
The file will have its original line endings in your working directory.
[master 1213894] This is my first commit
 1 file changed, 1 insertion(+)
 create mode 100644 test23

Somesh@Som MINGW64 ~/som_git (master)
$
Somesh@Som MINGW64 ~/som_git (master)
$ git status
On branch master
Changes to be committed:
  (use "git reset HEAD <file>..." to unstage)

        new file:   gitClone/vagrant


Somesh@Som MINGW64 ~/som_git (master)
$ git commit gitClone/vagrant -m "This is my commit"
[master 24221b8] This is my commit
 1 file changed, 1 insertion(+)
 create mode 160000 gitClone/vagrant

Somesh@Som MINGW64 ~/som_git (master)
$ git status
On branch master
nothing to commit, working tree clean

Somesh@Som MINGW64 ~/som_git (master)
$
$ git log
commit 24221b83ee93bcc8c6643eb99b012f67e4752162 (HEAD -> master)
Author: someshGit <someshsahu@gmail.com>
Date:   Sun Jul 8 17:38:09 2018 +0530

    This is my commit

commit 121389466a38ff4a5cb8c95a7e2da8de34c9f843
Author: someshGit <someshsahu@gmail.com>
Date:   Sun Jul 8 17:36:42 2018 +0530

    This is my first commit

commit a25570f2ff92afd45fd838baca228e1faf0c5e07 (tree, origin)
Author: someshGit <someshsahu@gmail.com>
Date:   Sun Jul 8 09:34:20 2018 +0530

    Common commit from tree branch

commit f497f98a34343e1f435b24f242ac14d10687c01d (smart, bang)
Author: someshGit <someshsahu@gmail.com>
Date:   Sun Jul 8 08:58:22 2018 +0530

    Commit from smart branch

commit 09ae0cb6466eb1b404edb4b95f5ce943c86c5a6e (general)
Author: someshGit <someshsahu@gmail.com>
Date:   Sun Jul 8 08:22:40 2018 +0530

    This is best file commit

commit ab7aee6ec0b3b062304c1a63f343d780f05e9e1e
Author: someshGit <someshsahu@gmail.com>
Date:   Sat Jul 7 10:11:00 2018 +0530

    This is my first commit

Somesh@Som MINGW64 ~/som_git (master)
$
$ git log --stat
commit 24221b83ee93bcc8c6643eb99b012f67e4752162 (HEAD -> master)
Author: someshGit <someshsahu@gmail.com>
Date:   Sun Jul 8 17:38:09 2018 +0530

    This is my commit

 gitClone/vagrant | 1 +
 1 file changed, 1 insertion(+)

commit 121389466a38ff4a5cb8c95a7e2da8de34c9f843
Author: someshGit <someshsahu@gmail.com>
Date:   Sun Jul 8 17:36:42 2018 +0530

    This is my first commit

 test23 | 1 +
 1 file changed, 1 insertion(+)

commit a25570f2ff92afd45fd838baca228e1faf0c5e07 (tree, origin)
Author: someshGit <someshsahu@gmail.com>
Date:   Sun Jul 8 09:34:20 2018 +0530

    Common commit from tree branch

 siva     | 1 +
 training | 1 +
 tree.txt | 1 +
 3 files changed, 3 insertions(+)

commit f497f98a34343e1f435b24f242ac14d10687c01d (smart, bang)
Author: someshGit <someshsahu@gmail.com>
Date:   Sun Jul 8 08:58:22 2018 +0530

    Commit from smart branch

 team | 1 +
 1 file changed, 1 insertion(+)

commit 09ae0cb6466eb1b404edb4b95f5ce943c86c5a6e (general)
Author: someshGit <someshsahu@gmail.com>
Date:   Sun Jul 8 08:22:40 2018 +0530

    This is best file commit

 best.txt | 2 ++
 1 file changed, 2 insertions(+)

commit ab7aee6ec0b3b062304c1a63f343d780f05e9e1e
Author: someshGit <someshsahu@gmail.com>
Date:   Sat Jul 7 10:11:00 2018 +0530

    This is my first commit

 test1 | 3 +++
 test2 | 1 +
2 files changed, 4 insertions(+)
$
Somesh@Som MINGW64 ~/som_git (master)
$ git log --oneline --decorate --graph --all
* 24221b8 (HEAD -> master) This is my commit
* 1213894 This is my first commit
* a25570f (tree, origin) Common commit from tree branch
* f497f98 (smart, bang) Commit from smart branch
* 09ae0cb (general) This is best file commit
* ab7aee6 This is my first commit

Somesh@Som MINGW64 ~/som_git (master)
$
Somesh@Som MINGW64 ~/som_git (master)
$ git branch
  bang
  general
* master
  origin
  smart
  tree

Somesh@Som MINGW64 ~/som_git (master)
$ git checkout tree
Switched to branch 'tree'

Somesh@Som MINGW64 ~/som_git (tree)
$
Somesh@Som MINGW64 ~/som_git (tree)
$ git branch
  bang
  general
  master
  origin
  smart
* tree

Somesh@Som MINGW64 ~/som_git (tree)
$

Somesh@Som MINGW64 ~/som_git (tree)
$ pwd
/c/Users/Somesh/som_git

Somesh@Som MINGW64 ~/som_git (tree)
$ git branch
  bang
  general
  master
  origin
  smart
* tree

Somesh@Som MINGW64 ~/som_git (tree)
$ git checkout -b bangTest
Switched to a new branch 'bangTest'

Somesh@Som MINGW64 ~/som_git (bangTest)
$ git branch
  bang
* bangTest
  general
  master
  origin
  smart
  tree

Somesh@Som MINGW64 ~/som_git (bangTest)
$
Somesh@Som MINGW64 ~/som_git (bangTest)
$ git clone https://github.com/SomGitHub2018/Origin.git
Cloning into 'Origin'...
remote: Counting objects: 12, done.
remote: Compressing objects: 100% (8/8), done.
remote: Total 12 (delta 0), reused 9 (delta 0), pack-reused 0
Unpacking objects: 100% (12/12), done.

Somesh@Som MINGW64 ~/som_git (bangTest)
$ ls
best.txt  gitClone/  Origin/  siva  team  test1  test2  training  tree.txt

Somesh@Som MINGW64 ~/som_git (bangTest)
$ cd Origin/

Somesh@Som MINGW64 ~/som_git/Origin (master)
$ ls
DevOps_Notes.docx  Practice_Vagrant.txt         README.txt
errorVagrant.JPG   Practice_Vagrant_Ubuntu.txt

Somesh@Som MINGW64 ~/som_git/Origin (master)
$
Somesh@Som MINGW64 ~/som_git (bangTest)
$ ls
best.txt  gitClone/  Origin/  siva  team  test1  test2  training  tree.txt

Somesh@Som MINGW64 ~/som_git (bangTest)
$ clear

Somesh@Som MINGW64 ~/som_git (bangTest)
$ git clone https://github.com/SomGitHub2018/Tutorial.git
Cloning into 'Tutorial'...
warning: You appear to have cloned an empty repository.

Somesh@Som MINGW64 ~/som_git (bangTest)
$ ls
best.txt   Origin/  team   test2     tree.txt
gitClone/  siva     test1  training  Tutorial/

Somesh@Som MINGW64 ~/som_git (bangTest)
$ ls
best.txt   Origin/  team   test2     tree.txt
gitClone/  siva     test1  training  Tutorial/

Somesh@Som MINGW64 ~/som_git (bangTest)
$ cd Origin/

Somesh@Som MINGW64 ~/som_git/Origin (master)
$ ls
DevOps_Notes.docx  Practice_Vagrant.txt         README.txt
errorVagrant.JPG   Practice_Vagrant_Ubuntu.txt

Somesh@Som MINGW64 ~/som_git/Origin (master)
$ git fetch
remote: Counting objects: 7, done.
remote: Compressing objects: 100% (3/3), done.
remote: Total 7 (delta 4), reused 7 (delta 4), pack-reused 0
Unpacking objects: 100% (7/7), done.
From https://github.com/SomGitHub2018/Origin
   addbc5e..36f5dae  master     -> origin/master

Somesh@Som MINGW64 ~/som_git/Origin (master)
$ ls -l
total 3962
-rw-r--r-- 1 Somesh 197609 3985711 Jul  8 18:02 DevOps_Notes.docx
-rw-r--r-- 1 Somesh 197609   46848 Jul  8 18:02 errorVagrant.JPG
-rw-r--r-- 1 Somesh 197609   14371 Jul  8 18:02 Practice_Vagrant.txt
-rw-r--r-- 1 Somesh 197609     417 Jul  8 18:02 Practice_Vagrant_Ubuntu.txt
-rw-r--r-- 1 Somesh 197609      26 Jul  8 18:02 README.txt

Somesh@Som MINGW64 ~/som_git/Origin (master)
$ git merge
Updating addbc5e..36f5dae
Fast-forward
 DevOps_Notes.docx    | Bin 3985711 -> 3985732 bytes
 Practice_Docker.txt  |  84 +++++++++
 Practice_Vagrant.txt | 472 +++++++++++++++++++++++++++++++++++++++++++++++++++
 3 files changed, 556 insertions(+)
 create mode 100644 Practice_Docker.txt

Somesh@Som MINGW64 ~/som_git/Origin (master)
$ ls -l
total 3978
-rw-r--r-- 1 Somesh 197609 3985732 Jul  8 19:05 DevOps_Notes.docx
-rw-r--r-- 1 Somesh 197609   46848 Jul  8 18:02 errorVagrant.JPG
-rw-r--r-- 1 Somesh 197609    3215 Jul  8 19:05 Practice_Docker.txt
-rw-r--r-- 1 Somesh 197609   27059 Jul  8 19:05 Practice_Vagrant.txt
-rw-r--r-- 1 Somesh 197609     417 Jul  8 18:02 Practice_Vagrant_Ubuntu.txt
-rw-r--r-- 1 Somesh 197609      26 Jul  8 18:02 README.txt

Somesh@Som MINGW64 ~/som_git/Origin (master)
$
Somesh@Som MINGW64 ~/som_git/Origin (master)
$ touch test123

Somesh@Som MINGW64 ~/som_git/Origin (master)
$ ls -l
total 3978
-rw-r--r-- 1 Somesh 197609 3985732 Jul  8 19:05 DevOps_Notes.docx
-rw-r--r-- 1 Somesh 197609   46848 Jul  8 18:02 errorVagrant.JPG
-rw-r--r-- 1 Somesh 197609    3215 Jul  8 19:05 Practice_Docker.txt
-rw-r--r-- 1 Somesh 197609   27059 Jul  8 19:05 Practice_Vagrant.txt
-rw-r--r-- 1 Somesh 197609     417 Jul  8 18:02 Practice_Vagrant_Ubuntu.txt
-rw-r--r-- 1 Somesh 197609      26 Jul  8 18:02 README.txt
-rw-r--r-- 1 Somesh 197609       0 Jul  8 19:07 test123

Somesh@Som MINGW64 ~/som_git/Origin (master)
$ git add -A test123

Somesh@Som MINGW64 ~/som_git/Origin (master)
$ git status
On branch master
Your branch is up to date with 'origin/master'.

Changes to be committed:
  (use "git reset HEAD <file>..." to unstage)

        new file:   test123


Somesh@Som MINGW64 ~/som_git/Origin (master)
$ git reset

Somesh@Som MINGW64 ~/som_git/Origin (master)
$ git status
On branch master
Your branch is up to date with 'origin/master'.

Untracked files:
  (use "git add <file>..." to include in what will be committed)

        test123

nothing added to commit but untracked files present (use "git add" to track)

Somesh@Som MINGW64 ~/som_git/Origin (master)
$ ls -l
total 3978
-rw-r--r-- 1 Somesh 197609 3985732 Jul  8 19:05 DevOps_Notes.docx
-rw-r--r-- 1 Somesh 197609   46848 Jul  8 18:02 errorVagrant.JPG
-rw-r--r-- 1 Somesh 197609    3215 Jul  8 19:05 Practice_Docker.txt
-rw-r--r-- 1 Somesh 197609   27059 Jul  8 19:05 Practice_Vagrant.txt
-rw-r--r-- 1 Somesh 197609     417 Jul  8 18:02 Practice_Vagrant_Ubuntu.txt
-rw-r--r-- 1 Somesh 197609      26 Jul  8 18:02 README.txt
-rw-r--r-- 1 Somesh 197609       0 Jul  8 19:07 test123

Somesh@Som MINGW64 ~/som_git/Origin (master)
$Somesh@Som MINGW64 ~/som_git/Origin (master)
$ ls -l
total 3978
-rw-r--r-- 1 Somesh 197609 3985732 Jul  8 19:05 DevOps_Notes.docx
-rw-r--r-- 1 Somesh 197609   46848 Jul  8 18:02 errorVagrant.JPG
-rw-r--r-- 1 Somesh 197609    3215 Jul  8 19:05 Practice_Docker.txt
-rw-r--r-- 1 Somesh 197609   27059 Jul  8 19:05 Practice_Vagrant.txt
-rw-r--r-- 1 Somesh 197609     417 Jul  8 18:02 Practice_Vagrant_Ubuntu.txt
-rw-r--r-- 1 Somesh 197609      26 Jul  8 18:02 README.txt
-rw-r--r-- 1 Somesh 197609       0 Jul  8 19:07 test123

Somesh@Som MINGW64 ~/som_git/Origin (master)
$ git merge
Already up to date.

Somesh@Som MINGW64 ~/som_git/Origin (master)
$ ls -l
total 3978
-rw-r--r-- 1 Somesh 197609 3985732 Jul  8 19:05 DevOps_Notes.docx
-rw-r--r-- 1 Somesh 197609   46848 Jul  8 18:02 errorVagrant.JPG
-rw-r--r-- 1 Somesh 197609    3215 Jul  8 19:05 Practice_Docker.txt
-rw-r--r-- 1 Somesh 197609   27059 Jul  8 19:05 Practice_Vagrant.txt
-rw-r--r-- 1 Somesh 197609     417 Jul  8 18:02 Practice_Vagrant_Ubuntu.txt
-rw-r--r-- 1 Somesh 197609      26 Jul  8 18:02 README.txt
-rw-r--r-- 1 Somesh 197609       0 Jul  8 19:07 test123

Somesh@Som MINGW64 ~/som_git/Origin (master)
$ rm test123

Somesh@Som MINGW64 ~/som_git/Origin (master)
$ ls -l
total 3978
-rw-r--r-- 1 Somesh 197609 3985732 Jul  8 19:05 DevOps_Notes.docx
-rw-r--r-- 1 Somesh 197609   46848 Jul  8 18:02 errorVagrant.JPG
-rw-r--r-- 1 Somesh 197609    3215 Jul  8 19:05 Practice_Docker.txt
-rw-r--r-- 1 Somesh 197609   27059 Jul  8 19:05 Practice_Vagrant.txt
-rw-r--r-- 1 Somesh 197609     417 Jul  8 18:02 Practice_Vagrant_Ubuntu.txt
-rw-r--r-- 1 Somesh 197609      26 Jul  8 18:02 README.txt

Somesh@Som MINGW64 ~/som_git/Origin (master)
$

Somesh@Som MINGW64 ~/som_git/Origin (master)
$ rm README.txt

Somesh@Som MINGW64 ~/som_git/Origin (master)
$ ls -l
total 3977
-rw-r--r-- 1 Somesh 197609 3985732 Jul  8 19:05 DevOps_Notes.docx
-rw-r--r-- 1 Somesh 197609   46848 Jul  8 18:02 errorVagrant.JPG
-rw-r--r-- 1 Somesh 197609    3215 Jul  8 19:05 Practice_Docker.txt
-rw-r--r-- 1 Somesh 197609   27059 Jul  8 19:05 Practice_Vagrant.txt
-rw-r--r-- 1 Somesh 197609     417 Jul  8 18:02 Practice_Vagrant_Ubuntu.txt

Somesh@Som MINGW64 ~/som_git/Origin (master)
$ git merge
Already up to date.

Somesh@Som MINGW64 ~/som_git/Origin (master)
$ ls -l
total 3977
-rw-r--r-- 1 Somesh 197609 3985732 Jul  8 19:05 DevOps_Notes.docx
-rw-r--r-- 1 Somesh 197609   46848 Jul  8 18:02 errorVagrant.JPG
-rw-r--r-- 1 Somesh 197609    3215 Jul  8 19:05 Practice_Docker.txt
-rw-r--r-- 1 Somesh 197609   27059 Jul  8 19:05 Practice_Vagrant.txt
-rw-r--r-- 1 Somesh 197609     417 Jul  8 18:02 Practice_Vagrant_Ubuntu.txt

Somesh@Som MINGW64 ~/som_git/Origin (master)
$ git fetch

Somesh@Som MINGW64 ~/som_git/Origin (master)
$ ls -l
total 3977
-rw-r--r-- 1 Somesh 197609 3985732 Jul  8 19:05 DevOps_Notes.docx
-rw-r--r-- 1 Somesh 197609   46848 Jul  8 18:02 errorVagrant.JPG
-rw-r--r-- 1 Somesh 197609    3215 Jul  8 19:05 Practice_Docker.txt
-rw-r--r-- 1 Somesh 197609   27059 Jul  8 19:05 Practice_Vagrant.txt
-rw-r--r-- 1 Somesh 197609     417 Jul  8 18:02 Practice_Vagrant_Ubuntu.txt

Somesh@Som MINGW64 ~/som_git/Origin (master)
$ git reset
Unstaged changes after reset:
D       README.txt

Somesh@Som MINGW64 ~/som_git/Origin (master)
$ ls -l
total 3977
-rw-r--r-- 1 Somesh 197609 3985732 Jul  8 19:05 DevOps_Notes.docx
-rw-r--r-- 1 Somesh 197609   46848 Jul  8 18:02 errorVagrant.JPG
-rw-r--r-- 1 Somesh 197609    3215 Jul  8 19:05 Practice_Docker.txt
-rw-r--r-- 1 Somesh 197609   27059 Jul  8 19:05 Practice_Vagrant.txt
-rw-r--r-- 1 Somesh 197609     417 Jul  8 18:02 Practice_Vagrant_Ubuntu.txt
Somesh@Som MINGW64 ~/som_git/Origin (master)
$ 



















